lib/actions.ts(52,15): error TS2322: Type '{ project_group_name: string; project_title: string; project_type: { connect: { project_type_id: number; }; }; guide_staff_id: number; project_description: string | undefined; created_at: Date; modified_at: Date; }' is not assignable to type '(Without<project_groupCreateInput, project_groupUncheckedCreateInput> & project_groupUncheckedCreateInput) | (Without<...> & project_groupCreateInput)'.
  Types of property 'guide_staff_id' are incompatible.
    Type 'number' is not assignable to type 'undefined'.
